Archive member included to satisfy reference by file (symbol)

/opt/ti/ccsv8/tools/compiler/gcc-arm-none-eabi-7-2017-q4-major/bin/../lib/gcc/arm-none-eabi/7.2.1/../../../../arm-none-eabi/lib/thumb/v7e-m/fpv4-sp/hard/libc.a(lib_a-exit.o)
                              /opt/ti/ccsv8/tools/compiler/gcc-arm-none-eabi-7-2017-q4-major/bin/../lib/gcc/arm-none-eabi/7.2.1/../../../../arm-none-eabi/lib/thumb/v7e-m/fpv4-sp/hard/crt0.o (exit)
/opt/ti/ccsv8/tools/compiler/gcc-arm-none-eabi-7-2017-q4-major/bin/../lib/gcc/arm-none-eabi/7.2.1/../../../../arm-none-eabi/lib/thumb/v7e-m/fpv4-sp/hard/libc.a(lib_a-impure.o)
                              /opt/ti/ccsv8/tools/compiler/gcc-arm-none-eabi-7-2017-q4-major/bin/../lib/gcc/arm-none-eabi/7.2.1/../../../../arm-none-eabi/lib/thumb/v7e-m/fpv4-sp/hard/libc.a(lib_a-exit.o) (_global_impure_ptr)
/opt/ti/ccsv8/tools/compiler/gcc-arm-none-eabi-7-2017-q4-major/bin/../lib/gcc/arm-none-eabi/7.2.1/../../../../arm-none-eabi/lib/thumb/v7e-m/fpv4-sp/hard/libc.a(lib_a-init.o)
                              /opt/ti/ccsv8/tools/compiler/gcc-arm-none-eabi-7-2017-q4-major/bin/../lib/gcc/arm-none-eabi/7.2.1/../../../../arm-none-eabi/lib/thumb/v7e-m/fpv4-sp/hard/crt0.o (__libc_init_array)
/opt/ti/ccsv8/tools/compiler/gcc-arm-none-eabi-7-2017-q4-major/bin/../lib/gcc/arm-none-eabi/7.2.1/../../../../arm-none-eabi/lib/thumb/v7e-m/fpv4-sp/hard/libc.a(lib_a-memset.o)
                              /opt/ti/ccsv8/tools/compiler/gcc-arm-none-eabi-7-2017-q4-major/bin/../lib/gcc/arm-none-eabi/7.2.1/../../../../arm-none-eabi/lib/thumb/v7e-m/fpv4-sp/hard/crt0.o (memset)
/opt/ti/ccsv8/tools/compiler/gcc-arm-none-eabi-7-2017-q4-major/bin/../lib/gcc/arm-none-eabi/7.2.1/../../../../arm-none-eabi/lib/thumb/v7e-m/fpv4-sp/hard/libc.a(lib_a-__call_atexit.o)
                              /opt/ti/ccsv8/tools/compiler/gcc-arm-none-eabi-7-2017-q4-major/bin/../lib/gcc/arm-none-eabi/7.2.1/../../../../arm-none-eabi/lib/thumb/v7e-m/fpv4-sp/hard/libc.a(lib_a-exit.o) (__call_exitprocs)
/opt/ti/ccsv8/tools/compiler/gcc-arm-none-eabi-7-2017-q4-major/bin/../lib/gcc/arm-none-eabi/7.2.1/../../../../arm-none-eabi/lib/thumb/v7e-m/fpv4-sp/hard/libc.a(lib_a-atexit.o)
                              /opt/ti/ccsv8/tools/compiler/gcc-arm-none-eabi-7-2017-q4-major/bin/../lib/gcc/arm-none-eabi/7.2.1/../../../../arm-none-eabi/lib/thumb/v7e-m/fpv4-sp/hard/libc.a(lib_a-__call_atexit.o) (atexit)
/opt/ti/ccsv8/tools/compiler/gcc-arm-none-eabi-7-2017-q4-major/bin/../lib/gcc/arm-none-eabi/7.2.1/../../../../arm-none-eabi/lib/thumb/v7e-m/fpv4-sp/hard/libc.a(lib_a-fini.o)
                              /opt/ti/ccsv8/tools/compiler/gcc-arm-none-eabi-7-2017-q4-major/bin/../lib/gcc/arm-none-eabi/7.2.1/../../../../arm-none-eabi/lib/thumb/v7e-m/fpv4-sp/hard/libc.a(lib_a-__call_atexit.o) (__libc_fini_array)
/opt/ti/ccsv8/tools/compiler/gcc-arm-none-eabi-7-2017-q4-major/bin/../lib/gcc/arm-none-eabi/7.2.1/../../../../arm-none-eabi/lib/thumb/v7e-m/fpv4-sp/hard/libc.a(lib_a-lock.o)
                              /opt/ti/ccsv8/tools/compiler/gcc-arm-none-eabi-7-2017-q4-major/bin/../lib/gcc/arm-none-eabi/7.2.1/../../../../arm-none-eabi/lib/thumb/v7e-m/fpv4-sp/hard/libc.a(lib_a-__call_atexit.o) (__retarget_lock_acquire_recursive)
/opt/ti/ccsv8/tools/compiler/gcc-arm-none-eabi-7-2017-q4-major/bin/../lib/gcc/arm-none-eabi/7.2.1/../../../../arm-none-eabi/lib/thumb/v7e-m/fpv4-sp/hard/libc.a(lib_a-__atexit.o)
                              /opt/ti/ccsv8/tools/compiler/gcc-arm-none-eabi-7-2017-q4-major/bin/../lib/gcc/arm-none-eabi/7.2.1/../../../../arm-none-eabi/lib/thumb/v7e-m/fpv4-sp/hard/libc.a(lib_a-atexit.o) (__register_exitproc)
/opt/ti/ccsv8/tools/compiler/gcc-arm-none-eabi-7-2017-q4-major/bin/../lib/gcc/arm-none-eabi/7.2.1/../../../../arm-none-eabi/lib/thumb/v7e-m/fpv4-sp/hard/libnosys.a(_exit.o)
                              /opt/ti/ccsv8/tools/compiler/gcc-arm-none-eabi-7-2017-q4-major/bin/../lib/gcc/arm-none-eabi/7.2.1/../../../../arm-none-eabi/lib/thumb/v7e-m/fpv4-sp/hard/libc.a(lib_a-exit.o) (_exit)

Allocating common symbols
Common symbol       size              file

__lock___atexit_recursive_mutex
                    0x1               /opt/ti/ccsv8/tools/compiler/gcc-arm-none-eabi-7-2017-q4-major/bin/../lib/gcc/arm-none-eabi/7.2.1/../../../../arm-none-eabi/lib/thumb/v7e-m/fpv4-sp/hard/libc.a(lib_a-lock.o)
__lock___arc4random_mutex
                    0x1               /opt/ti/ccsv8/tools/compiler/gcc-arm-none-eabi-7-2017-q4-major/bin/../lib/gcc/arm-none-eabi/7.2.1/../../../../arm-none-eabi/lib/thumb/v7e-m/fpv4-sp/hard/libc.a(lib_a-lock.o)
__lock___env_recursive_mutex
                    0x1               /opt/ti/ccsv8/tools/compiler/gcc-arm-none-eabi-7-2017-q4-major/bin/../lib/gcc/arm-none-eabi/7.2.1/../../../../arm-none-eabi/lib/thumb/v7e-m/fpv4-sp/hard/libc.a(lib_a-lock.o)
__lock___sinit_recursive_mutex
                    0x1               /opt/ti/ccsv8/tools/compiler/gcc-arm-none-eabi-7-2017-q4-major/bin/../lib/gcc/arm-none-eabi/7.2.1/../../../../arm-none-eabi/lib/thumb/v7e-m/fpv4-sp/hard/libc.a(lib_a-lock.o)
__lock___malloc_recursive_mutex
                    0x1               /opt/ti/ccsv8/tools/compiler/gcc-arm-none-eabi-7-2017-q4-major/bin/../lib/gcc/arm-none-eabi/7.2.1/../../../../arm-none-eabi/lib/thumb/v7e-m/fpv4-sp/hard/libc.a(lib_a-lock.o)
a_count             0x2               ./led.o
__lock___at_quick_exit_mutex
                    0x1               /opt/ti/ccsv8/tools/compiler/gcc-arm-none-eabi-7-2017-q4-major/bin/../lib/gcc/arm-none-eabi/7.2.1/../../../../arm-none-eabi/lib/thumb/v7e-m/fpv4-sp/hard/libc.a(lib_a-lock.o)
__lock___dd_hash_mutex
                    0x1               /opt/ti/ccsv8/tools/compiler/gcc-arm-none-eabi-7-2017-q4-major/bin/../lib/gcc/arm-none-eabi/7.2.1/../../../../arm-none-eabi/lib/thumb/v7e-m/fpv4-sp/hard/libc.a(lib_a-lock.o)
__lock___tz_mutex   0x1               /opt/ti/ccsv8/tools/compiler/gcc-arm-none-eabi-7-2017-q4-major/bin/../lib/gcc/arm-none-eabi/7.2.1/../../../../arm-none-eabi/lib/thumb/v7e-m/fpv4-sp/hard/libc.a(lib_a-lock.o)
__lock___sfp_recursive_mutex
                    0x1               /opt/ti/ccsv8/tools/compiler/gcc-arm-none-eabi-7-2017-q4-major/bin/../lib/gcc/arm-none-eabi/7.2.1/../../../../arm-none-eabi/lib/thumb/v7e-m/fpv4-sp/hard/libc.a(lib_a-lock.o)

Memory Configuration

Name             Origin             Length             Attributes
MAIN_FLASH       0x0000000000000000 0x0000000000040000 xr
INFO_FLASH       0x0000000000200000 0x0000000000004000 xr
SRAM_CODE        0x0000000001000000 0x0000000000010000 xrw
SRAM_DATA        0x0000000020000000 0x0000000000010000 rw
*default*        0x0000000000000000 0xffffffffffffffff

Linker script and memory map

LOAD /opt/ti/ccsv8/tools/compiler/gcc-arm-none-eabi-7-2017-q4-major/bin/../lib/gcc/arm-none-eabi/7.2.1/thumb/v7e-m/fpv4-sp/hard/crti.o
LOAD /opt/ti/ccsv8/tools/compiler/gcc-arm-none-eabi-7-2017-q4-major/bin/../lib/gcc/arm-none-eabi/7.2.1/thumb/v7e-m/fpv4-sp/hard/crtbegin.o
LOAD /opt/ti/ccsv8/tools/compiler/gcc-arm-none-eabi-7-2017-q4-major/bin/../lib/gcc/arm-none-eabi/7.2.1/../../../../arm-none-eabi/lib/thumb/v7e-m/fpv4-sp/hard/crt0.o
LOAD ./led.o
LOAD ./main.o
LOAD ./startup_msp432p401r_gcc.o
LOAD ./system_msp432p401r.o
LOAD ./timer.o
                0x0000000000000000                PROVIDE (_intvecs_base_address, DEFINED (_intvecs_base_address)?_intvecs_base_address:0x0)

.intvecs        0x0000000000000000       0xe4
 *(.intvecs)
 .intvecs       0x0000000000000000       0xe4 ./startup_msp432p401r_gcc.o
                0x0000000000000000                interruptVectors
                0x0000000000200000                PROVIDE (_mailbox_base_address, 0x200000)

.flashMailbox
 *(.flashMailbox)
                0x0000000000201000                PROVIDE (_tlv_base_address, 0x201000)

.tlvTable
 *(.tlvTable)
                0x0000000000202000                PROVIDE (_bsl_base_address, 0x202000)

.bslArea
 *(.bslArea)
                0x0000000020000000                PROVIDE (_vtable_base_address, DEFINED (_vtable_base_address)?_vtable_base_address:0x20000000)

.vtable
 *(.vtable)

.text           0x00000000000000e4      0x8d4
 CREATE_OBJECT_SYMBOLS
 *(.text)
 .text          0x00000000000000e4        0x0 /opt/ti/ccsv8/tools/compiler/gcc-arm-none-eabi-7-2017-q4-major/bin/../lib/gcc/arm-none-eabi/7.2.1/thumb/v7e-m/fpv4-sp/hard/crti.o
 .text          0x00000000000000e4       0x40 /opt/ti/ccsv8/tools/compiler/gcc-arm-none-eabi-7-2017-q4-major/bin/../lib/gcc/arm-none-eabi/7.2.1/thumb/v7e-m/fpv4-sp/hard/crtbegin.o
 .text          0x0000000000000124       0x74 /opt/ti/ccsv8/tools/compiler/gcc-arm-none-eabi-7-2017-q4-major/bin/../lib/gcc/arm-none-eabi/7.2.1/../../../../arm-none-eabi/lib/thumb/v7e-m/fpv4-sp/hard/crt0.o
                0x0000000000000124                _mainCRTStartup
                0x0000000000000124                _start
 .text          0x0000000000000198       0xa0 ./led.o
                0x0000000000000198                write_logic_high
                0x00000000000001b6                write_led_color
                0x00000000000001fc                write_logic_low
                0x00000000000001fe                hold_led_state
 .text          0x0000000000000238       0x64 ./main.o
                0x0000000000000238                main
 .text          0x000000000000029c       0x30 ./startup_msp432p401r_gcc.o
                0x000000000000029c                CS_IRQHandler
                0x000000000000029c                DebugMon_Handler
                0x000000000000029c                AES256_IRQHandler
                0x000000000000029c                HardFault_Handler
                0x000000000000029c                SysTick_Handler
                0x000000000000029c                PendSV_Handler
                0x000000000000029c                NMI_Handler
                0x000000000000029c                RTC_C_IRQHandler
                0x000000000000029c                PORT1_IRQHandler
                0x000000000000029c                FPU_IRQHandler
                0x000000000000029c                PORT2_IRQHandler
                0x000000000000029c                TA3_0_IRQHandler
                0x000000000000029c                UsageFault_Handler
                0x000000000000029c                DMA_INT3_IRQHandler
                0x000000000000029c                TA2_0_IRQHandler
                0x000000000000029c                DMA_INT1_IRQHandler
                0x000000000000029c                WDT_A_IRQHandler
                0x000000000000029c                TA2_N_IRQHandler
                0x000000000000029c                TA1_0_IRQHandler
                0x000000000000029c                PSS_IRQHandler
                0x000000000000029c                DMA_INT2_IRQHandler
                0x000000000000029c                EUSCIA3_IRQHandler
                0x000000000000029c                DMA_INT0_IRQHandler
                0x000000000000029c                PORT4_IRQHandler
                0x000000000000029c                PORT5_IRQHandler
                0x000000000000029c                EUSCIB0_IRQHandler
                0x000000000000029c                Default_Handler
                0x000000000000029c                T32_INTC_IRQHandler
                0x000000000000029c                TA3_N_IRQHandler
                0x000000000000029c                EUSCIA2_IRQHandler
                0x000000000000029c                PORT6_IRQHandler
                0x000000000000029c                PORT3_IRQHandler
                0x000000000000029c                MemManage_Handler
                0x000000000000029c                SVC_Handler
                0x000000000000029c                TA1_N_IRQHandler
                0x000000000000029c                EUSCIA1_IRQHandler
                0x000000000000029c                COMP_E1_IRQHandler
                0x000000000000029c                EUSCIB2_IRQHandler
                0x000000000000029c                FLCTL_IRQHandler
                0x000000000000029c                EUSCIB3_IRQHandler
                0x000000000000029c                T32_INT1_IRQHandler
                0x000000000000029c                ADC14_IRQHandler
                0x000000000000029c                DMA_ERR_IRQHandler
                0x000000000000029c                EUSCIA0_IRQHandler
                0x000000000000029c                BusFault_Handler
                0x000000000000029c                PCM_IRQHandler
                0x000000000000029c                TA0_N_IRQHandler
                0x000000000000029c                COMP_E0_IRQHandler
                0x000000000000029c                EUSCIB1_IRQHandler
                0x000000000000029c                T32_INT2_IRQHandler
                0x000000000000029e                Reset_Handler
 .text          0x00000000000002cc      0x280 ./system_msp432p401r.o
                0x00000000000002cc                SystemCoreClockUpdate
                0x00000000000004e8                SystemInit
 .text          0x000000000000054c      0x124 ./timer.o
                0x000000000000054c                configure_clocks
                0x0000000000000590                timer_A0_config
                0x00000000000005c8                configure_systick
                0x00000000000005d8                TA0_0_IRQHandler
 .text          0x0000000000000670        0x0 /opt/ti/ccsv8/tools/compiler/gcc-arm-none-eabi-7-2017-q4-major/bin/../lib/gcc/arm-none-eabi/7.2.1/../../../../arm-none-eabi/lib/thumb/v7e-m/fpv4-sp/hard/libc.a(lib_a-exit.o)
 .text          0x0000000000000670        0x0 /opt/ti/ccsv8/tools/compiler/gcc-arm-none-eabi-7-2017-q4-major/bin/../lib/gcc/arm-none-eabi/7.2.1/../../../../arm-none-eabi/lib/thumb/v7e-m/fpv4-sp/hard/libc.a(lib_a-impure.o)
 .text          0x0000000000000670        0x0 /opt/ti/ccsv8/tools/compiler/gcc-arm-none-eabi-7-2017-q4-major/bin/../lib/gcc/arm-none-eabi/7.2.1/../../../../arm-none-eabi/lib/thumb/v7e-m/fpv4-sp/hard/libc.a(lib_a-init.o)
 .text          0x0000000000000670        0x0 /opt/ti/ccsv8/tools/compiler/gcc-arm-none-eabi-7-2017-q4-major/bin/../lib/gcc/arm-none-eabi/7.2.1/../../../../arm-none-eabi/lib/thumb/v7e-m/fpv4-sp/hard/libc.a(lib_a-memset.o)
 .text          0x0000000000000670        0x0 /opt/ti/ccsv8/tools/compiler/gcc-arm-none-eabi-7-2017-q4-major/bin/../lib/gcc/arm-none-eabi/7.2.1/../../../../arm-none-eabi/lib/thumb/v7e-m/fpv4-sp/hard/libc.a(lib_a-__call_atexit.o)
 .text          0x0000000000000670        0x0 /opt/ti/ccsv8/tools/compiler/gcc-arm-none-eabi-7-2017-q4-major/bin/../lib/gcc/arm-none-eabi/7.2.1/../../../../arm-none-eabi/lib/thumb/v7e-m/fpv4-sp/hard/libc.a(lib_a-atexit.o)
 .text          0x0000000000000670        0x0 /opt/ti/ccsv8/tools/compiler/gcc-arm-none-eabi-7-2017-q4-major/bin/../lib/gcc/arm-none-eabi/7.2.1/../../../../arm-none-eabi/lib/thumb/v7e-m/fpv4-sp/hard/libc.a(lib_a-fini.o)
 .text          0x0000000000000670        0x0 /opt/ti/ccsv8/tools/compiler/gcc-arm-none-eabi-7-2017-q4-major/bin/../lib/gcc/arm-none-eabi/7.2.1/../../../../arm-none-eabi/lib/thumb/v7e-m/fpv4-sp/hard/libc.a(lib_a-lock.o)
 .text          0x0000000000000670        0x0 /opt/ti/ccsv8/tools/compiler/gcc-arm-none-eabi-7-2017-q4-major/bin/../lib/gcc/arm-none-eabi/7.2.1/../../../../arm-none-eabi/lib/thumb/v7e-m/fpv4-sp/hard/libc.a(lib_a-__atexit.o)
 .text          0x0000000000000670        0x0 /opt/ti/ccsv8/tools/compiler/gcc-arm-none-eabi-7-2017-q4-major/bin/../lib/gcc/arm-none-eabi/7.2.1/../../../../arm-none-eabi/lib/thumb/v7e-m/fpv4-sp/hard/libnosys.a(_exit.o)
 .text          0x0000000000000670        0x0 /opt/ti/ccsv8/tools/compiler/gcc-arm-none-eabi-7-2017-q4-major/bin/../lib/gcc/arm-none-eabi/7.2.1/thumb/v7e-m/fpv4-sp/hard/crtend.o
 .text          0x0000000000000670        0x0 /opt/ti/ccsv8/tools/compiler/gcc-arm-none-eabi-7-2017-q4-major/bin/../lib/gcc/arm-none-eabi/7.2.1/thumb/v7e-m/fpv4-sp/hard/crtn.o
 *(.text.*)
 .text.exit     0x0000000000000670       0x20 /opt/ti/ccsv8/tools/compiler/gcc-arm-none-eabi-7-2017-q4-major/bin/../lib/gcc/arm-none-eabi/7.2.1/../../../../arm-none-eabi/lib/thumb/v7e-m/fpv4-sp/hard/libc.a(lib_a-exit.o)
                0x0000000000000670                exit
 .text.__libc_init_array
                0x0000000000000690       0x48 /opt/ti/ccsv8/tools/compiler/gcc-arm-none-eabi-7-2017-q4-major/bin/../lib/gcc/arm-none-eabi/7.2.1/../../../../arm-none-eabi/lib/thumb/v7e-m/fpv4-sp/hard/libc.a(lib_a-init.o)
                0x0000000000000690                __libc_init_array
 .text.memset   0x00000000000006d8       0x94 /opt/ti/ccsv8/tools/compiler/gcc-arm-none-eabi-7-2017-q4-major/bin/../lib/gcc/arm-none-eabi/7.2.1/../../../../arm-none-eabi/lib/thumb/v7e-m/fpv4-sp/hard/libc.a(lib_a-memset.o)
                0x00000000000006d8                memset
 .text.startup.register_fini
                0x000000000000076c       0x14 /opt/ti/ccsv8/tools/compiler/gcc-arm-none-eabi-7-2017-q4-major/bin/../lib/gcc/arm-none-eabi/7.2.1/../../../../arm-none-eabi/lib/thumb/v7e-m/fpv4-sp/hard/libc.a(lib_a-__call_atexit.o)
 .text.__call_exitprocs
                0x0000000000000780       0xe8 /opt/ti/ccsv8/tools/compiler/gcc-arm-none-eabi-7-2017-q4-major/bin/../lib/gcc/arm-none-eabi/7.2.1/../../../../arm-none-eabi/lib/thumb/v7e-m/fpv4-sp/hard/libc.a(lib_a-__call_atexit.o)
                0x0000000000000780                __call_exitprocs
 .text.atexit   0x0000000000000868        0xc /opt/ti/ccsv8/tools/compiler/gcc-arm-none-eabi-7-2017-q4-major/bin/../lib/gcc/arm-none-eabi/7.2.1/../../../../arm-none-eabi/lib/thumb/v7e-m/fpv4-sp/hard/libc.a(lib_a-atexit.o)
                0x0000000000000868                atexit
 .text.__libc_fini_array
                0x0000000000000874       0x34 /opt/ti/ccsv8/tools/compiler/gcc-arm-none-eabi-7-2017-q4-major/bin/../lib/gcc/arm-none-eabi/7.2.1/../../../../arm-none-eabi/lib/thumb/v7e-m/fpv4-sp/hard/libc.a(lib_a-fini.o)
                0x0000000000000874                __libc_fini_array
 .text.__retarget_lock_init
                0x00000000000008a8        0x4 /opt/ti/ccsv8/tools/compiler/gcc-arm-none-eabi-7-2017-q4-major/bin/../lib/gcc/arm-none-eabi/7.2.1/../../../../arm-none-eabi/lib/thumb/v7e-m/fpv4-sp/hard/libc.a(lib_a-lock.o)
                0x00000000000008a8                __retarget_lock_init
 .text.__retarget_lock_init_recursive
                0x00000000000008ac        0x4 /opt/ti/ccsv8/tools/compiler/gcc-arm-none-eabi-7-2017-q4-major/bin/../lib/gcc/arm-none-eabi/7.2.1/../../../../arm-none-eabi/lib/thumb/v7e-m/fpv4-sp/hard/libc.a(lib_a-lock.o)
                0x00000000000008ac                __retarget_lock_init_recursive
 .text.__retarget_lock_close
                0x00000000000008b0        0x4 /opt/ti/ccsv8/tools/compiler/gcc-arm-none-eabi-7-2017-q4-major/bin/../lib/gcc/arm-none-eabi/7.2.1/../../../../arm-none-eabi/lib/thumb/v7e-m/fpv4-sp/hard/libc.a(lib_a-lock.o)
                0x00000000000008b0                __retarget_lock_close
 .text.__retarget_lock_close_recursive
                0x00000000000008b4        0x4 /opt/ti/ccsv8/tools/compiler/gcc-arm-none-eabi-7-2017-q4-major/bin/../lib/gcc/arm-none-eabi/7.2.1/../../../../arm-none-eabi/lib/thumb/v7e-m/fpv4-sp/hard/libc.a(lib_a-lock.o)
                0x00000000000008b4                __retarget_lock_close_recursive
 .text.__retarget_lock_acquire
                0x00000000000008b8        0x4 /opt/ti/ccsv8/tools/compiler/gcc-arm-none-eabi-7-2017-q4-major/bin/../lib/gcc/arm-none-eabi/7.2.1/../../../../arm-none-eabi/lib/thumb/v7e-m/fpv4-sp/hard/libc.a(lib_a-lock.o)
                0x00000000000008b8                __retarget_lock_acquire
 .text.__retarget_lock_acquire_recursive
                0x00000000000008bc        0x4 /opt/ti/ccsv8/tools/compiler/gcc-arm-none-eabi-7-2017-q4-major/bin/../lib/gcc/arm-none-eabi/7.2.1/../../../../arm-none-eabi/lib/thumb/v7e-m/fpv4-sp/hard/libc.a(lib_a-lock.o)
                0x00000000000008bc                __retarget_lock_acquire_recursive
 .text.__retarget_lock_try_acquire
                0x00000000000008c0        0x4 /opt/ti/ccsv8/tools/compiler/gcc-arm-none-eabi-7-2017-q4-major/bin/../lib/gcc/arm-none-eabi/7.2.1/../../../../arm-none-eabi/lib/thumb/v7e-m/fpv4-sp/hard/libc.a(lib_a-lock.o)
                0x00000000000008c0                __retarget_lock_try_acquire
 .text.__retarget_lock_try_acquire_recursive
                0x00000000000008c4        0x4 /opt/ti/ccsv8/tools/compiler/gcc-arm-none-eabi-7-2017-q4-major/bin/../lib/gcc/arm-none-eabi/7.2.1/../../../../arm-none-eabi/lib/thumb/v7e-m/fpv4-sp/hard/libc.a(lib_a-lock.o)
                0x00000000000008c4                __retarget_lock_try_acquire_recursive
 .text.__retarget_lock_release
                0x00000000000008c8        0x4 /opt/ti/ccsv8/tools/compiler/gcc-arm-none-eabi-7-2017-q4-major/bin/../lib/gcc/arm-none-eabi/7.2.1/../../../../arm-none-eabi/lib/thumb/v7e-m/fpv4-sp/hard/libc.a(lib_a-lock.o)
                0x00000000000008c8                __retarget_lock_release
 .text.__retarget_lock_release_recursive
                0x00000000000008cc        0x4 /opt/ti/ccsv8/tools/compiler/gcc-arm-none-eabi-7-2017-q4-major/bin/../lib/gcc/arm-none-eabi/7.2.1/../../../../arm-none-eabi/lib/thumb/v7e-m/fpv4-sp/hard/libc.a(lib_a-lock.o)
                0x00000000000008cc                __retarget_lock_release_recursive
 .text.__register_exitproc
                0x00000000000008d0       0xc0 /opt/ti/ccsv8/tools/compiler/gcc-arm-none-eabi-7-2017-q4-major/bin/../lib/gcc/arm-none-eabi/7.2.1/../../../../arm-none-eabi/lib/thumb/v7e-m/fpv4-sp/hard/libc.a(lib_a-__atexit.o)
                0x00000000000008d0                __register_exitproc
 .text._exit    0x0000000000000990        0x4 /opt/ti/ccsv8/tools/compiler/gcc-arm-none-eabi-7-2017-q4-major/bin/../lib/gcc/arm-none-eabi/7.2.1/../../../../arm-none-eabi/lib/thumb/v7e-m/fpv4-sp/hard/libnosys.a(_exit.o)
                0x0000000000000990                _exit
                0x0000000000000994                . = ALIGN (0x4)
 *(.ctors)
                0x0000000000000994                . = ALIGN (0x4)
 *(.dtors)
                0x0000000000000994                . = ALIGN (0x4)
                0x0000000000000994                __init_array_start = .
 *(.init_array*)
 .init_array    0x0000000000000994        0x4 /opt/ti/ccsv8/tools/compiler/gcc-arm-none-eabi-7-2017-q4-major/bin/../lib/gcc/arm-none-eabi/7.2.1/thumb/v7e-m/fpv4-sp/hard/crtbegin.o
 .init_array.00000
                0x0000000000000998        0x4 /opt/ti/ccsv8/tools/compiler/gcc-arm-none-eabi-7-2017-q4-major/bin/../lib/gcc/arm-none-eabi/7.2.1/../../../../arm-none-eabi/lib/thumb/v7e-m/fpv4-sp/hard/libc.a(lib_a-__call_atexit.o)
                0x000000000000099c                __init_array_end = .
 *(.init)
 .init          0x000000000000099c        0x4 /opt/ti/ccsv8/tools/compiler/gcc-arm-none-eabi-7-2017-q4-major/bin/../lib/gcc/arm-none-eabi/7.2.1/thumb/v7e-m/fpv4-sp/hard/crti.o
                0x000000000000099c                _init
 .init          0x00000000000009a0        0x8 /opt/ti/ccsv8/tools/compiler/gcc-arm-none-eabi-7-2017-q4-major/bin/../lib/gcc/arm-none-eabi/7.2.1/thumb/v7e-m/fpv4-sp/hard/crtn.o
 *(.fini*)
 .fini          0x00000000000009a8        0x4 /opt/ti/ccsv8/tools/compiler/gcc-arm-none-eabi-7-2017-q4-major/bin/../lib/gcc/arm-none-eabi/7.2.1/thumb/v7e-m/fpv4-sp/hard/crti.o
                0x00000000000009a8                _fini
 .fini_array    0x00000000000009ac        0x4 /opt/ti/ccsv8/tools/compiler/gcc-arm-none-eabi-7-2017-q4-major/bin/../lib/gcc/arm-none-eabi/7.2.1/thumb/v7e-m/fpv4-sp/hard/crtbegin.o
 .fini          0x00000000000009b0        0x8 /opt/ti/ccsv8/tools/compiler/gcc-arm-none-eabi-7-2017-q4-major/bin/../lib/gcc/arm-none-eabi/7.2.1/thumb/v7e-m/fpv4-sp/hard/crtn.o

.glue_7         0x00000000000009b8        0x0
 .glue_7        0x00000000000009b8        0x0 linker stubs

.glue_7t        0x00000000000009b8        0x0
 .glue_7t       0x00000000000009b8        0x0 linker stubs

.vfp11_veneer   0x00000000000009b8        0x0
 .vfp11_veneer  0x00000000000009b8        0x0 linker stubs

.v4_bx          0x00000000000009b8        0x0
 .v4_bx         0x00000000000009b8        0x0 linker stubs

.iplt           0x00000000000009b8        0x0
 .iplt          0x00000000000009b8        0x0 /opt/ti/ccsv8/tools/compiler/gcc-arm-none-eabi-7-2017-q4-major/bin/../lib/gcc/arm-none-eabi/7.2.1/thumb/v7e-m/fpv4-sp/hard/crtbegin.o

.rodata         0x00000000000009b8        0x8
 *(.rodata)
 .rodata        0x00000000000009b8        0x3 ./led.o
                0x00000000000009b8                logic_low_time
                0x00000000000009b9                logic_high_time
                0x00000000000009ba                period
 *(.rodata.*)
 *fill*         0x00000000000009bb        0x1 
 .rodata._global_impure_ptr
                0x00000000000009bc        0x4 /opt/ti/ccsv8/tools/compiler/gcc-arm-none-eabi-7-2017-q4-major/bin/../lib/gcc/arm-none-eabi/7.2.1/../../../../arm-none-eabi/lib/thumb/v7e-m/fpv4-sp/hard/libc.a(lib_a-impure.o)
                0x00000000000009bc                _global_impure_ptr

.eh_frame       0x00000000000009c0        0x4
 .eh_frame      0x00000000000009c0        0x0 /opt/ti/ccsv8/tools/compiler/gcc-arm-none-eabi-7-2017-q4-major/bin/../lib/gcc/arm-none-eabi/7.2.1/thumb/v7e-m/fpv4-sp/hard/crtbegin.o
 .eh_frame      0x00000000000009c0        0x4 /opt/ti/ccsv8/tools/compiler/gcc-arm-none-eabi-7-2017-q4-major/bin/../lib/gcc/arm-none-eabi/7.2.1/thumb/v7e-m/fpv4-sp/hard/crtend.o

.ARM.exidx      0x00000000000009c4        0x8
                0x00000000000009c4                __exidx_start = .
 *(.ARM.exidx* .gnu.linkonce.armexidx.*)
 .ARM.exidx     0x00000000000009c4        0x8 /opt/ti/ccsv8/tools/compiler/gcc-arm-none-eabi-7-2017-q4-major/bin/../lib/gcc/arm-none-eabi/7.2.1/../../../../arm-none-eabi/lib/thumb/v7e-m/fpv4-sp/hard/crt0.o
                0x00000000000009cc                __exidx_end = .

.ARM.extab      0x00000000000009cc        0x0
 *(.ARM.extab* .gnu.linkonce.armextab.*)
 .ARM.extab     0x00000000000009cc        0x0 /opt/ti/ccsv8/tools/compiler/gcc-arm-none-eabi-7-2017-q4-major/bin/../lib/gcc/arm-none-eabi/7.2.1/../../../../arm-none-eabi/lib/thumb/v7e-m/fpv4-sp/hard/crt0.o
                0x00000000000009cc                __etext = .

.rel.dyn        0x00000000000009cc        0x0
 .rel.iplt      0x00000000000009cc        0x0 /opt/ti/ccsv8/tools/compiler/gcc-arm-none-eabi-7-2017-q4-major/bin/../lib/gcc/arm-none-eabi/7.2.1/thumb/v7e-m/fpv4-sp/hard/crtbegin.o

.data           0x0000000020000000      0x43c load address 0x00000000000009cc
                0x00000000000009cc                __data_load__ = LOADADDR (.data)
                0x0000000020000000                __data_start__ = .
 *(.data)
 .data          0x0000000020000000        0x0 /opt/ti/ccsv8/tools/compiler/gcc-arm-none-eabi-7-2017-q4-major/bin/../lib/gcc/arm-none-eabi/7.2.1/thumb/v7e-m/fpv4-sp/hard/crti.o
 .data          0x0000000020000000        0x4 /opt/ti/ccsv8/tools/compiler/gcc-arm-none-eabi-7-2017-q4-major/bin/../lib/gcc/arm-none-eabi/7.2.1/thumb/v7e-m/fpv4-sp/hard/crtbegin.o
                0x0000000020000000                __dso_handle
 .data          0x0000000020000004        0x0 /opt/ti/ccsv8/tools/compiler/gcc-arm-none-eabi-7-2017-q4-major/bin/../lib/gcc/arm-none-eabi/7.2.1/../../../../arm-none-eabi/lib/thumb/v7e-m/fpv4-sp/hard/crt0.o
 .data          0x0000000020000004        0x0 ./led.o
 .data          0x0000000020000004        0x0 ./main.o
 .data          0x0000000020000004        0x0 ./startup_msp432p401r_gcc.o
 .data          0x0000000020000004        0x4 ./system_msp432p401r.o
                0x0000000020000004                SystemCoreClock
 .data          0x0000000020000008        0x0 ./timer.o
 .data          0x0000000020000008        0x0 /opt/ti/ccsv8/tools/compiler/gcc-arm-none-eabi-7-2017-q4-major/bin/../lib/gcc/arm-none-eabi/7.2.1/../../../../arm-none-eabi/lib/thumb/v7e-m/fpv4-sp/hard/libc.a(lib_a-exit.o)
 .data          0x0000000020000008        0x0 /opt/ti/ccsv8/tools/compiler/gcc-arm-none-eabi-7-2017-q4-major/bin/../lib/gcc/arm-none-eabi/7.2.1/../../../../arm-none-eabi/lib/thumb/v7e-m/fpv4-sp/hard/libc.a(lib_a-impure.o)
 .data          0x0000000020000008        0x0 /opt/ti/ccsv8/tools/compiler/gcc-arm-none-eabi-7-2017-q4-major/bin/../lib/gcc/arm-none-eabi/7.2.1/../../../../arm-none-eabi/lib/thumb/v7e-m/fpv4-sp/hard/libc.a(lib_a-init.o)
 .data          0x0000000020000008        0x0 /opt/ti/ccsv8/tools/compiler/gcc-arm-none-eabi-7-2017-q4-major/bin/../lib/gcc/arm-none-eabi/7.2.1/../../../../arm-none-eabi/lib/thumb/v7e-m/fpv4-sp/hard/libc.a(lib_a-memset.o)
 .data          0x0000000020000008        0x0 /opt/ti/ccsv8/tools/compiler/gcc-arm-none-eabi-7-2017-q4-major/bin/../lib/gcc/arm-none-eabi/7.2.1/../../../../arm-none-eabi/lib/thumb/v7e-m/fpv4-sp/hard/libc.a(lib_a-__call_atexit.o)
 .data          0x0000000020000008        0x0 /opt/ti/ccsv8/tools/compiler/gcc-arm-none-eabi-7-2017-q4-major/bin/../lib/gcc/arm-none-eabi/7.2.1/../../../../arm-none-eabi/lib/thumb/v7e-m/fpv4-sp/hard/libc.a(lib_a-atexit.o)
 .data          0x0000000020000008        0x0 /opt/ti/ccsv8/tools/compiler/gcc-arm-none-eabi-7-2017-q4-major/bin/../lib/gcc/arm-none-eabi/7.2.1/../../../../arm-none-eabi/lib/thumb/v7e-m/fpv4-sp/hard/libc.a(lib_a-fini.o)
 .data          0x0000000020000008        0x0 /opt/ti/ccsv8/tools/compiler/gcc-arm-none-eabi-7-2017-q4-major/bin/../lib/gcc/arm-none-eabi/7.2.1/../../../../arm-none-eabi/lib/thumb/v7e-m/fpv4-sp/hard/libc.a(lib_a-lock.o)
 .data          0x0000000020000008        0x0 /opt/ti/ccsv8/tools/compiler/gcc-arm-none-eabi-7-2017-q4-major/bin/../lib/gcc/arm-none-eabi/7.2.1/../../../../arm-none-eabi/lib/thumb/v7e-m/fpv4-sp/hard/libc.a(lib_a-__atexit.o)
 .data          0x0000000020000008        0x0 /opt/ti/ccsv8/tools/compiler/gcc-arm-none-eabi-7-2017-q4-major/bin/../lib/gcc/arm-none-eabi/7.2.1/../../../../arm-none-eabi/lib/thumb/v7e-m/fpv4-sp/hard/libnosys.a(_exit.o)
 .data          0x0000000020000008        0x0 /opt/ti/ccsv8/tools/compiler/gcc-arm-none-eabi-7-2017-q4-major/bin/../lib/gcc/arm-none-eabi/7.2.1/thumb/v7e-m/fpv4-sp/hard/crtend.o
 .data          0x0000000020000008        0x0 /opt/ti/ccsv8/tools/compiler/gcc-arm-none-eabi-7-2017-q4-major/bin/../lib/gcc/arm-none-eabi/7.2.1/thumb/v7e-m/fpv4-sp/hard/crtn.o
 *(.data*)
 .data._impure_ptr
                0x0000000020000008        0x4 /opt/ti/ccsv8/tools/compiler/gcc-arm-none-eabi-7-2017-q4-major/bin/../lib/gcc/arm-none-eabi/7.2.1/../../../../arm-none-eabi/lib/thumb/v7e-m/fpv4-sp/hard/libc.a(lib_a-impure.o)
                0x0000000020000008                _impure_ptr
 *fill*         0x000000002000000c        0x4 
 .data.impure_data
                0x0000000020000010      0x428 /opt/ti/ccsv8/tools/compiler/gcc-arm-none-eabi-7-2017-q4-major/bin/../lib/gcc/arm-none-eabi/7.2.1/../../../../arm-none-eabi/lib/thumb/v7e-m/fpv4-sp/hard/libc.a(lib_a-impure.o)
 .data.__atexit_recursive_mutex
                0x0000000020000438        0x4 /opt/ti/ccsv8/tools/compiler/gcc-arm-none-eabi-7-2017-q4-major/bin/../lib/gcc/arm-none-eabi/7.2.1/../../../../arm-none-eabi/lib/thumb/v7e-m/fpv4-sp/hard/libc.a(lib_a-__call_atexit.o)
                0x0000000020000438                __atexit_recursive_mutex
                0x000000002000043c                . = ALIGN (0x4)
                0x000000002000043c                __data_end__ = .

.igot.plt       0x000000002000043c        0x0 load address 0x0000000000000e08
 .igot.plt      0x000000002000043c        0x0 /opt/ti/ccsv8/tools/compiler/gcc-arm-none-eabi-7-2017-q4-major/bin/../lib/gcc/arm-none-eabi/7.2.1/thumb/v7e-m/fpv4-sp/hard/crtbegin.o

.bss            0x000000002000043c       0x48
                0x000000002000043c                __bss_start__ = .
 *(.shbss)
 *(.bss)
 .bss           0x000000002000043c        0x0 /opt/ti/ccsv8/tools/compiler/gcc-arm-none-eabi-7-2017-q4-major/bin/../lib/gcc/arm-none-eabi/7.2.1/thumb/v7e-m/fpv4-sp/hard/crti.o
 .bss           0x000000002000043c       0x1c /opt/ti/ccsv8/tools/compiler/gcc-arm-none-eabi-7-2017-q4-major/bin/../lib/gcc/arm-none-eabi/7.2.1/thumb/v7e-m/fpv4-sp/hard/crtbegin.o
 .bss           0x0000000020000458        0x0 /opt/ti/ccsv8/tools/compiler/gcc-arm-none-eabi-7-2017-q4-major/bin/../lib/gcc/arm-none-eabi/7.2.1/../../../../arm-none-eabi/lib/thumb/v7e-m/fpv4-sp/hard/crt0.o
 .bss           0x0000000020000458        0x2 ./led.o
                0x0000000020000458                high_count
                0x0000000020000459                low_count
 .bss           0x000000002000045a        0x0 ./main.o
 .bss           0x000000002000045a        0x0 ./startup_msp432p401r_gcc.o
 .bss           0x000000002000045a        0x0 ./system_msp432p401r.o
 .bss           0x000000002000045a        0x4 ./timer.o
                0x000000002000045a                b_count
                0x000000002000045c                c_count
 .bss           0x000000002000045e        0x0 /opt/ti/ccsv8/tools/compiler/gcc-arm-none-eabi-7-2017-q4-major/bin/../lib/gcc/arm-none-eabi/7.2.1/../../../../arm-none-eabi/lib/thumb/v7e-m/fpv4-sp/hard/libc.a(lib_a-exit.o)
 .bss           0x000000002000045e        0x0 /opt/ti/ccsv8/tools/compiler/gcc-arm-none-eabi-7-2017-q4-major/bin/../lib/gcc/arm-none-eabi/7.2.1/../../../../arm-none-eabi/lib/thumb/v7e-m/fpv4-sp/hard/libc.a(lib_a-impure.o)
 .bss           0x000000002000045e        0x0 /opt/ti/ccsv8/tools/compiler/gcc-arm-none-eabi-7-2017-q4-major/bin/../lib/gcc/arm-none-eabi/7.2.1/../../../../arm-none-eabi/lib/thumb/v7e-m/fpv4-sp/hard/libc.a(lib_a-init.o)
 .bss           0x000000002000045e        0x0 /opt/ti/ccsv8/tools/compiler/gcc-arm-none-eabi-7-2017-q4-major/bin/../lib/gcc/arm-none-eabi/7.2.1/../../../../arm-none-eabi/lib/thumb/v7e-m/fpv4-sp/hard/libc.a(lib_a-memset.o)
 .bss           0x000000002000045e        0x0 /opt/ti/ccsv8/tools/compiler/gcc-arm-none-eabi-7-2017-q4-major/bin/../lib/gcc/arm-none-eabi/7.2.1/../../../../arm-none-eabi/lib/thumb/v7e-m/fpv4-sp/hard/libc.a(lib_a-__call_atexit.o)
 .bss           0x000000002000045e        0x0 /opt/ti/ccsv8/tools/compiler/gcc-arm-none-eabi-7-2017-q4-major/bin/../lib/gcc/arm-none-eabi/7.2.1/../../../../arm-none-eabi/lib/thumb/v7e-m/fpv4-sp/hard/libc.a(lib_a-atexit.o)
 .bss           0x000000002000045e        0x0 /opt/ti/ccsv8/tools/compiler/gcc-arm-none-eabi-7-2017-q4-major/bin/../lib/gcc/arm-none-eabi/7.2.1/../../../../arm-none-eabi/lib/thumb/v7e-m/fpv4-sp/hard/libc.a(lib_a-fini.o)
 .bss           0x000000002000045e        0x0 /opt/ti/ccsv8/tools/compiler/gcc-arm-none-eabi-7-2017-q4-major/bin/../lib/gcc/arm-none-eabi/7.2.1/../../../../arm-none-eabi/lib/thumb/v7e-m/fpv4-sp/hard/libc.a(lib_a-lock.o)
 .bss           0x000000002000045e        0x0 /opt/ti/ccsv8/tools/compiler/gcc-arm-none-eabi-7-2017-q4-major/bin/../lib/gcc/arm-none-eabi/7.2.1/../../../../arm-none-eabi/lib/thumb/v7e-m/fpv4-sp/hard/libc.a(lib_a-__atexit.o)
 .bss           0x000000002000045e        0x0 /opt/ti/ccsv8/tools/compiler/gcc-arm-none-eabi-7-2017-q4-major/bin/../lib/gcc/arm-none-eabi/7.2.1/../../../../arm-none-eabi/lib/thumb/v7e-m/fpv4-sp/hard/libnosys.a(_exit.o)
 .bss           0x000000002000045e        0x0 /opt/ti/ccsv8/tools/compiler/gcc-arm-none-eabi-7-2017-q4-major/bin/../lib/gcc/arm-none-eabi/7.2.1/thumb/v7e-m/fpv4-sp/hard/crtend.o
 .bss           0x000000002000045e        0x0 /opt/ti/ccsv8/tools/compiler/gcc-arm-none-eabi-7-2017-q4-major/bin/../lib/gcc/arm-none-eabi/7.2.1/thumb/v7e-m/fpv4-sp/hard/crtn.o
 *(.bss.*)
 *(COMMON)
 COMMON         0x000000002000045e        0x2 ./led.o
                0x000000002000045e                a_count
 COMMON         0x0000000020000460       0x21 /opt/ti/ccsv8/tools/compiler/gcc-arm-none-eabi-7-2017-q4-major/bin/../lib/gcc/arm-none-eabi/7.2.1/../../../../arm-none-eabi/lib/thumb/v7e-m/fpv4-sp/hard/libc.a(lib_a-lock.o)
                0x0000000020000460                __lock___atexit_recursive_mutex
                0x0000000020000464                __lock___arc4random_mutex
                0x0000000020000468                __lock___env_recursive_mutex
                0x000000002000046c                __lock___sinit_recursive_mutex
                0x0000000020000470                __lock___malloc_recursive_mutex
                0x0000000020000474                __lock___at_quick_exit_mutex
                0x0000000020000478                __lock___dd_hash_mutex
                0x000000002000047c                __lock___tz_mutex
                0x0000000020000480                __lock___sfp_recursive_mutex
                0x0000000020000484                . = ALIGN (0x4)
 *fill*         0x0000000020000481        0x3 
                0x0000000020000484                __bss_end__ = .

.heap           0x0000000020000484        0x0
                0x0000000020000484                __heap_start__ = .
                0x0000000020000484                end = __heap_start__
                0x0000000020000484                _end = end
                0x0000000020000484                __end = end
 *(.heap)
                0x0000000020000484                __heap_end__ = .
                0x0000000020000484                __HeapLimit = __heap_end__

.stack          0x0000000020000488        0x0
                0x0000000020000488                _stack = .
 *(.stack)
                0x0000000020010000                __StackTop = (ORIGIN (REGION_STACK) + LENGTH (REGION_STACK))
                0x0000000020010000                PROVIDE (__stack, __StackTop)
START GROUP
LOAD /opt/ti/ccsv8/tools/compiler/gcc-arm-none-eabi-7-2017-q4-major/bin/../lib/gcc/arm-none-eabi/7.2.1/thumb/v7e-m/fpv4-sp/hard/libgcc.a
LOAD /opt/ti/ccsv8/tools/compiler/gcc-arm-none-eabi-7-2017-q4-major/bin/../lib/gcc/arm-none-eabi/7.2.1/../../../../arm-none-eabi/lib/thumb/v7e-m/fpv4-sp/hard/libnosys.a
LOAD /opt/ti/ccsv8/tools/compiler/gcc-arm-none-eabi-7-2017-q4-major/bin/../lib/gcc/arm-none-eabi/7.2.1/../../../../arm-none-eabi/lib/thumb/v7e-m/fpv4-sp/hard/libc.a
END GROUP
START GROUP
LOAD /opt/ti/ccsv8/tools/compiler/gcc-arm-none-eabi-7-2017-q4-major/bin/../lib/gcc/arm-none-eabi/7.2.1/thumb/v7e-m/fpv4-sp/hard/libgcc.a
LOAD /opt/ti/ccsv8/tools/compiler/gcc-arm-none-eabi-7-2017-q4-major/bin/../lib/gcc/arm-none-eabi/7.2.1/../../../../arm-none-eabi/lib/thumb/v7e-m/fpv4-sp/hard/libg.a
LOAD /opt/ti/ccsv8/tools/compiler/gcc-arm-none-eabi-7-2017-q4-major/bin/../lib/gcc/arm-none-eabi/7.2.1/../../../../arm-none-eabi/lib/thumb/v7e-m/fpv4-sp/hard/libc.a
END GROUP
LOAD /opt/ti/ccsv8/tools/compiler/gcc-arm-none-eabi-7-2017-q4-major/bin/../lib/gcc/arm-none-eabi/7.2.1/thumb/v7e-m/fpv4-sp/hard/crtend.o
LOAD /opt/ti/ccsv8/tools/compiler/gcc-arm-none-eabi-7-2017-q4-major/bin/../lib/gcc/arm-none-eabi/7.2.1/thumb/v7e-m/fpv4-sp/hard/crtn.o
OUTPUT(WS28_LED.out elf32-littlearm)

.ARM.attributes
                0x0000000000000000       0x30
 .ARM.attributes
                0x0000000000000000       0x22 /opt/ti/ccsv8/tools/compiler/gcc-arm-none-eabi-7-2017-q4-major/bin/../lib/gcc/arm-none-eabi/7.2.1/thumb/v7e-m/fpv4-sp/hard/crti.o
 .ARM.attributes
                0x0000000000000022       0x34 /opt/ti/ccsv8/tools/compiler/gcc-arm-none-eabi-7-2017-q4-major/bin/../lib/gcc/arm-none-eabi/7.2.1/thumb/v7e-m/fpv4-sp/hard/crtbegin.o
 .ARM.attributes
                0x0000000000000056       0x20 /opt/ti/ccsv8/tools/compiler/gcc-arm-none-eabi-7-2017-q4-major/bin/../lib/gcc/arm-none-eabi/7.2.1/../../../../arm-none-eabi/lib/thumb/v7e-m/fpv4-sp/hard/crt0.o
 .ARM.attributes
                0x0000000000000076       0x39 ./led.o
 .ARM.attributes
                0x00000000000000af       0x39 ./main.o
 .ARM.attributes
                0x00000000000000e8       0x39 ./startup_msp432p401r_gcc.o
 .ARM.attributes
                0x0000000000000121       0x39 ./system_msp432p401r.o
 .ARM.attributes
                0x000000000000015a       0x39 ./timer.o
 .ARM.attributes
                0x0000000000000193       0x34 /opt/ti/ccsv8/tools/compiler/gcc-arm-none-eabi-7-2017-q4-major/bin/../lib/gcc/arm-none-eabi/7.2.1/../../../../arm-none-eabi/lib/thumb/v7e-m/fpv4-sp/hard/libc.a(lib_a-exit.o)
 .ARM.attributes
                0x00000000000001c7       0x34 /opt/ti/ccsv8/tools/compiler/gcc-arm-none-eabi-7-2017-q4-major/bin/../lib/gcc/arm-none-eabi/7.2.1/../../../../arm-none-eabi/lib/thumb/v7e-m/fpv4-sp/hard/libc.a(lib_a-impure.o)
 .ARM.attributes
                0x00000000000001fb       0x34 /opt/ti/ccsv8/tools/compiler/gcc-arm-none-eabi-7-2017-q4-major/bin/../lib/gcc/arm-none-eabi/7.2.1/../../../../arm-none-eabi/lib/thumb/v7e-m/fpv4-sp/hard/libc.a(lib_a-init.o)
 .ARM.attributes
                0x000000000000022f       0x34 /opt/ti/ccsv8/tools/compiler/gcc-arm-none-eabi-7-2017-q4-major/bin/../lib/gcc/arm-none-eabi/7.2.1/../../../../arm-none-eabi/lib/thumb/v7e-m/fpv4-sp/hard/libc.a(lib_a-memset.o)
 .ARM.attributes
                0x0000000000000263       0x34 /opt/ti/ccsv8/tools/compiler/gcc-arm-none-eabi-7-2017-q4-major/bin/../lib/gcc/arm-none-eabi/7.2.1/../../../../arm-none-eabi/lib/thumb/v7e-m/fpv4-sp/hard/libc.a(lib_a-__call_atexit.o)
 .ARM.attributes
                0x0000000000000297       0x34 /opt/ti/ccsv8/tools/compiler/gcc-arm-none-eabi-7-2017-q4-major/bin/../lib/gcc/arm-none-eabi/7.2.1/../../../../arm-none-eabi/lib/thumb/v7e-m/fpv4-sp/hard/libc.a(lib_a-atexit.o)
 .ARM.attributes
                0x00000000000002cb       0x34 /opt/ti/ccsv8/tools/compiler/gcc-arm-none-eabi-7-2017-q4-major/bin/../lib/gcc/arm-none-eabi/7.2.1/../../../../arm-none-eabi/lib/thumb/v7e-m/fpv4-sp/hard/libc.a(lib_a-fini.o)
 .ARM.attributes
                0x00000000000002ff       0x34 /opt/ti/ccsv8/tools/compiler/gcc-arm-none-eabi-7-2017-q4-major/bin/../lib/gcc/arm-none-eabi/7.2.1/../../../../arm-none-eabi/lib/thumb/v7e-m/fpv4-sp/hard/libc.a(lib_a-lock.o)
 .ARM.attributes
                0x0000000000000333       0x34 /opt/ti/ccsv8/tools/compiler/gcc-arm-none-eabi-7-2017-q4-major/bin/../lib/gcc/arm-none-eabi/7.2.1/../../../../arm-none-eabi/lib/thumb/v7e-m/fpv4-sp/hard/libc.a(lib_a-__atexit.o)
 .ARM.attributes
                0x0000000000000367       0x34 /opt/ti/ccsv8/tools/compiler/gcc-arm-none-eabi-7-2017-q4-major/bin/../lib/gcc/arm-none-eabi/7.2.1/../../../../arm-none-eabi/lib/thumb/v7e-m/fpv4-sp/hard/libnosys.a(_exit.o)
 .ARM.attributes
                0x000000000000039b       0x34 /opt/ti/ccsv8/tools/compiler/gcc-arm-none-eabi-7-2017-q4-major/bin/../lib/gcc/arm-none-eabi/7.2.1/thumb/v7e-m/fpv4-sp/hard/crtend.o
 .ARM.attributes
                0x00000000000003cf       0x22 /opt/ti/ccsv8/tools/compiler/gcc-arm-none-eabi-7-2017-q4-major/bin/../lib/gcc/arm-none-eabi/7.2.1/thumb/v7e-m/fpv4-sp/hard/crtn.o

.comment        0x0000000000000000       0x7e
 .comment       0x0000000000000000       0x7e ./led.o
                                         0x7f (size before relaxing)
 .comment       0x000000000000007e       0x7f ./main.o
 .comment       0x000000000000007e       0x7f ./startup_msp432p401r_gcc.o
 .comment       0x000000000000007e       0x7f ./system_msp432p401r.o
 .comment       0x000000000000007e       0x7f ./timer.o

.debug_info     0x0000000000000000     0x21f2
 .debug_info    0x0000000000000000      0x3dc ./led.o
 .debug_info    0x00000000000003dc      0x483 ./main.o
 .debug_info    0x000000000000085f      0x144 ./startup_msp432p401r_gcc.o
 .debug_info    0x00000000000009a3      0xd1b ./system_msp432p401r.o
 .debug_info    0x00000000000016be      0xb34 ./timer.o

.debug_abbrev   0x0000000000000000      0x54a
 .debug_abbrev  0x0000000000000000      0x10a ./led.o
 .debug_abbrev  0x000000000000010a       0xf7 ./main.o
 .debug_abbrev  0x0000000000000201       0xbd ./startup_msp432p401r_gcc.o
 .debug_abbrev  0x00000000000002be      0x115 ./system_msp432p401r.o
 .debug_abbrev  0x00000000000003d3      0x177 ./timer.o

.debug_loc      0x0000000000000000      0x228
 .debug_loc     0x0000000000000000       0x3c ./led.o
 .debug_loc     0x000000000000003c       0x26 ./startup_msp432p401r_gcc.o
 .debug_loc     0x0000000000000062      0x1c6 ./system_msp432p401r.o

.debug_aranges  0x0000000000000000       0xa0
 .debug_aranges
                0x0000000000000000       0x20 ./led.o
 .debug_aranges
                0x0000000000000020       0x20 ./main.o
 .debug_aranges
                0x0000000000000040       0x20 ./startup_msp432p401r_gcc.o
 .debug_aranges
                0x0000000000000060       0x20 ./system_msp432p401r.o
 .debug_aranges
                0x0000000000000080       0x20 ./timer.o

.debug_line     0x0000000000000000      0x882
 .debug_line    0x0000000000000000      0x1b6 ./led.o
 .debug_line    0x00000000000001b6      0x1ca ./main.o
 .debug_line    0x0000000000000380      0x130 ./startup_msp432p401r_gcc.o
 .debug_line    0x00000000000004b0      0x204 ./system_msp432p401r.o
 .debug_line    0x00000000000006b4      0x1ce ./timer.o

.debug_str      0x0000000000000000      0xf07
 .debug_str     0x0000000000000000      0x2af ./led.o
                                        0x30b (size before relaxing)
 .debug_str     0x00000000000002af       0x89 ./main.o
                                        0x2f8 (size before relaxing)
 .debug_str     0x0000000000000338       0x9a ./startup_msp432p401r_gcc.o
                                        0x20d (size before relaxing)
 .debug_str     0x00000000000003d2      0x7f0 ./system_msp432p401r.o
                                        0xaa0 (size before relaxing)
 .debug_str     0x0000000000000bc2      0x345 ./timer.o
                                        0x8d1 (size before relaxing)

.debug_frame    0x0000000000000000      0x37c
 .debug_frame   0x0000000000000000       0x5c ./led.o
 .debug_frame   0x000000000000005c       0x28 ./main.o
 .debug_frame   0x0000000000000084       0x38 ./startup_msp432p401r_gcc.o
 .debug_frame   0x00000000000000bc       0x30 ./system_msp432p401r.o
 .debug_frame   0x00000000000000ec       0x50 ./timer.o
 .debug_frame   0x000000000000013c       0x28 /opt/ti/ccsv8/tools/compiler/gcc-arm-none-eabi-7-2017-q4-major/bin/../lib/gcc/arm-none-eabi/7.2.1/../../../../arm-none-eabi/lib/thumb/v7e-m/fpv4-sp/hard/libc.a(lib_a-exit.o)
 .debug_frame   0x0000000000000164       0x2c /opt/ti/ccsv8/tools/compiler/gcc-arm-none-eabi-7-2017-q4-major/bin/../lib/gcc/arm-none-eabi/7.2.1/../../../../arm-none-eabi/lib/thumb/v7e-m/fpv4-sp/hard/libc.a(lib_a-init.o)
 .debug_frame   0x0000000000000190       0x38 /opt/ti/ccsv8/tools/compiler/gcc-arm-none-eabi-7-2017-q4-major/bin/../lib/gcc/arm-none-eabi/7.2.1/../../../../arm-none-eabi/lib/thumb/v7e-m/fpv4-sp/hard/libc.a(lib_a-memset.o)
 .debug_frame   0x00000000000001c8       0x5c /opt/ti/ccsv8/tools/compiler/gcc-arm-none-eabi-7-2017-q4-major/bin/../lib/gcc/arm-none-eabi/7.2.1/../../../../arm-none-eabi/lib/thumb/v7e-m/fpv4-sp/hard/libc.a(lib_a-__call_atexit.o)
 .debug_frame   0x0000000000000224       0x20 /opt/ti/ccsv8/tools/compiler/gcc-arm-none-eabi-7-2017-q4-major/bin/../lib/gcc/arm-none-eabi/7.2.1/../../../../arm-none-eabi/lib/thumb/v7e-m/fpv4-sp/hard/libc.a(lib_a-atexit.o)
 .debug_frame   0x0000000000000244       0x34 /opt/ti/ccsv8/tools/compiler/gcc-arm-none-eabi-7-2017-q4-major/bin/../lib/gcc/arm-none-eabi/7.2.1/../../../../arm-none-eabi/lib/thumb/v7e-m/fpv4-sp/hard/libc.a(lib_a-fini.o)
 .debug_frame   0x0000000000000278       0xb0 /opt/ti/ccsv8/tools/compiler/gcc-arm-none-eabi-7-2017-q4-major/bin/../lib/gcc/arm-none-eabi/7.2.1/../../../../arm-none-eabi/lib/thumb/v7e-m/fpv4-sp/hard/libc.a(lib_a-lock.o)
 .debug_frame   0x0000000000000328       0x34 /opt/ti/ccsv8/tools/compiler/gcc-arm-none-eabi-7-2017-q4-major/bin/../lib/gcc/arm-none-eabi/7.2.1/../../../../arm-none-eabi/lib/thumb/v7e-m/fpv4-sp/hard/libc.a(lib_a-__atexit.o)
 .debug_frame   0x000000000000035c       0x20 /opt/ti/ccsv8/tools/compiler/gcc-arm-none-eabi-7-2017-q4-major/bin/../lib/gcc/arm-none-eabi/7.2.1/../../../../arm-none-eabi/lib/thumb/v7e-m/fpv4-sp/hard/libnosys.a(_exit.o)
