******************************************************************************
                  TI ARM Linker Unix v18.1.3                   
******************************************************************************
>> Linked Sat Nov 10 14:20:32 2018

OUTPUT FILE NAME:   <WS28_LED.out>
ENTRY POINT SYMBOL: "_c_int00_noargs"  address: 0000077d


MEMORY CONFIGURATION

         name            origin    length      used     unused   attr    fill
----------------------  --------  ---------  --------  --------  ----  --------
  MAIN                  00000000   00040000  000007f4  0003f80c  R  X
  INFO                  00200000   00004000  00000000  00004000  R  X
  SRAM_CODE             01000000   00010000  0000020c  0000fdf4  RW X
  SRAM_DATA             20000000   00010000  0000020c  0000fdf4  RW  


SEGMENT ALLOCATION MAP

run origin  load origin   length   init length attrs members
----------  ----------- ---------- ----------- ----- -------
00000000    00000000    000007f4   000007f4    r-x
  00000000    00000000    000000e4   000000e4    r-- .intvecs
  000000e4    000000e4    000006f4   000006f4    r-x .text
  000007d8    000007d8    0000001c   0000001c    r-- .cinit
20000000    20000000    0000000c   00000000    rw-
  20000000    20000000    0000000c   00000000    rw- .data
2000fe00    2000fe00    00000200   00000000    rw-
  2000fe00    2000fe00    00000200   00000000    rw- .stack


SECTION ALLOCATION MAP

 output                                  attributes/
section   page    origin      length       input sections
--------  ----  ----------  ----------   ----------------
.intvecs   0    00000000    000000e4     
                  00000000    000000e4     startup_msp432p401r_ccs.obj (.intvecs:retain)

.text      0    000000e4    000006f4     
                  000000e4    00000334     system_msp432p401r.obj (.text)
                  00000418    00000198     timer.obj (.text)
                  000005b0    0000009c     rtsv7M4_T_le_v4SPD16_eabi.lib : memcpy_t2.asm.obj (.text)
                  0000064c    00000084     main.obj (.text)
                  000006d0    00000068     rtsv7M4_T_le_v4SPD16_eabi.lib : copy_decompress_lzss.c.obj (.text:decompress:lzss:__TI_decompress_lzss)
                  00000738    00000044                                   : autoinit.c.obj (.text:__TI_auto_init_nobinit_nopinit:__TI_auto_init_nobinit_nopinit)
                  0000077c    00000038                                   : boot_cortex_m.c.obj (.text:_c_int00_noargs:_c_int00_noargs)
                  000007b4    0000000e                                   : copy_decompress_none.c.obj (.text:decompress:none:__TI_decompress_none)
                  000007c2    0000000e     startup_msp432p401r_ccs.obj (.text)
                  000007d0    00000004     rtsv7M4_T_le_v4SPD16_eabi.lib : pre_init.c.obj (.text:_system_pre_init)
                  000007d4    00000004                                   : exit.c.obj (.text:abort:abort)

.cinit     0    000007d8    0000001c     
                  000007d8    0000000b     (.cinit..data.load) [load image, compression = lzss]
                  000007e3    00000001     --HOLE-- [fill = 0]
                  000007e4    00000008     (__TI_handler_table)
                  000007ec    00000008     (__TI_cinit_table)

.init_array 
*          0    00000000    00000000     UNINITIALIZED

.binit     0    00000000    00000000     

.data      0    20000000    0000000c     UNINITIALIZED
                  20000000    00000006     timer.obj (.data)
                  20000006    00000002     --HOLE--
                  20000008    00000004     system_msp432p401r.obj (.data)

.stack     0    2000fe00    00000200     UNINITIALIZED
                  2000fe00    00000004     rtsv7M4_T_le_v4SPD16_eabi.lib : boot_cortex_m.c.obj (.stack)
                  2000fe04    000001fc     --HOLE--

MODULE SUMMARY

       Module                        code   ro data   rw data
       ------                        ----   -------   -------
    ./
       system_msp432p401r.obj        820    0         8      
       timer.obj                     408    0         12     
       startup_msp432p401r_ccs.obj   14     228       0      
       main.obj                      132    0         0      
    +--+-----------------------------+------+---------+---------+
       Total:                        1374   228       20     
                                                             
    /home/alex/ti/ccsv8/tools/compiler/ti-cgt-arm_18.1.3.LTS/lib/rtsv7M4_T_le_v4SPD16_eabi.lib
       memcpy_t2.asm.obj             156    0         0      
       copy_decompress_lzss.c.obj    104    0         0      
       autoinit.c.obj                68     0         0      
       boot_cortex_m.c.obj           56     0         0      
       copy_decompress_none.c.obj    14     0         0      
       exit.c.obj                    4      0         0      
       pre_init.c.obj                4      0         0      
    +--+-----------------------------+------+---------+---------+
       Total:                        406    0         0      
                                                             
       Stack:                        0      0         1024   
       Linker Generated:             0      27        0      
    +--+-----------------------------+------+---------+---------+
       Grand Total:                  1780   255       1044   


LINKER GENERATED COPY TABLES

__TI_cinit_table @ 000007ec records: 1, size/record: 8, table size: 8
	.data: load addr=000007d8, load size=0000000b bytes, run addr=20000000, run size=0000000c bytes, compression=lzss


LINKER GENERATED HANDLER TABLE

__TI_handler_table @ 000007e4 records: 2, size/record: 4, table size: 8
	index: 0, handler: __TI_decompress_lzss
	index: 1, handler: __TI_decompress_none


GLOBAL SYMBOLS: SORTED ALPHABETICALLY BY Name 

address   name                          
-------   ----                          
000007cf  ADC14_IRQHandler              
000007cf  AES256_IRQHandler             
000007cf  BusFault_Handler              
000007d5  C$$EXIT                       
000007cf  COMP_E0_IRQHandler            
000007cf  COMP_E1_IRQHandler            
000007cf  CS_IRQHandler                 
000007cf  DMA_ERR_IRQHandler            
000007cf  DMA_INT0_IRQHandler           
000007cf  DMA_INT1_IRQHandler           
000007cf  DMA_INT2_IRQHandler           
000007cf  DMA_INT3_IRQHandler           
000007cf  DebugMon_Handler              
000007cf  Default_Handler               
000007cf  EUSCIA0_IRQHandler            
000007cf  EUSCIA1_IRQHandler            
000007cf  EUSCIA2_IRQHandler            
000007cf  EUSCIA3_IRQHandler            
000007cf  EUSCIB0_IRQHandler            
000007cf  EUSCIB1_IRQHandler            
000007cf  EUSCIB2_IRQHandler            
000007cf  EUSCIB3_IRQHandler            
000007cf  FLCTL_IRQHandler              
000007cf  FPU_IRQHandler                
000007cf  HardFault_Handler             
000007cf  MemManage_Handler             
000007cf  NMI_Handler                   
000007cf  PCM_IRQHandler                
000007cf  PORT1_IRQHandler              
000007cf  PORT2_IRQHandler              
000007cf  PORT3_IRQHandler              
000007cf  PORT4_IRQHandler              
000007cf  PORT5_IRQHandler              
000007cf  PORT6_IRQHandler              
000007cf  PSS_IRQHandler                
000007cf  PendSV_Handler                
000007cf  RTC_C_IRQHandler              
000007c3  Reset_Handler                 
000007cf  SVC_Handler                   
000007cf  SysTick_Handler               
20000008  SystemCoreClock               
000000e5  SystemCoreClockUpdate         
0000035d  SystemInit                    
000007cf  T32_INT1_IRQHandler           
000007cf  T32_INT2_IRQHandler           
000007cf  T32_INTC_IRQHandler           
000004eb  TA0_0_IRQHandler              
000004eb  TA0_0_IRQHandler              
000007cf  TA0_N_IRQHandler              
000007cf  TA1_0_IRQHandler              
000007cf  TA1_N_IRQHandler              
000007cf  TA2_0_IRQHandler              
000007cf  TA2_N_IRQHandler              
000007cf  TA3_0_IRQHandler              
000007cf  TA3_N_IRQHandler              
000007cf  UsageFault_Handler            
4000480c  WDTCTL_SYM                    
000007cf  WDT_A_IRQHandler              
20010000  __STACK_END                   
00000200  __STACK_SIZE                  
000007ec  __TI_CINIT_Base               
000007f4  __TI_CINIT_Limit              
000007e4  __TI_Handler_Table_Base       
000007ec  __TI_Handler_Table_Limit      
00000739  __TI_auto_init_nobinit_nopinit
000006d1  __TI_decompress_lzss          
000007b5  __TI_decompress_none          
ffffffff  __TI_pprof_out_hndl           
ffffffff  __TI_prof_data_size           
ffffffff  __TI_prof_data_start          
00000000  __TI_static_base__            
000005b1  __aeabi_memcpy                
000005b1  __aeabi_memcpy4               
000005b1  __aeabi_memcpy8               
ffffffff  __binit__                     
ffffffff  __c_args__                    
UNDEFED   __mpu_init                    
2000fe00  __stack                       
0000077d  _c_int00_noargs               
UNDEFED   _system_post_cinit            
000007d1  _system_pre_init              
20000000  a_count                       
000007d5  abort                         
20000002  b_count                       
ffffffff  binit                         
20000004  c_count                       
00000445  configure_clocks              
000004dd  configure_systick             
00000000  interruptVectors              
0000064d  main                          
000005b1  memcpy                        
00000493  timer_A0_config               


GLOBAL SYMBOLS: SORTED BY Symbol Address 

address   name                          
-------   ----                          
00000000  __TI_static_base__            
00000000  interruptVectors              
000000e5  SystemCoreClockUpdate         
00000200  __STACK_SIZE                  
0000035d  SystemInit                    
00000445  configure_clocks              
00000493  timer_A0_config               
000004dd  configure_systick             
000004eb  TA0_0_IRQHandler              
000004eb  TA0_0_IRQHandler              
000005b1  __aeabi_memcpy                
000005b1  __aeabi_memcpy4               
000005b1  __aeabi_memcpy8               
000005b1  memcpy                        
0000064d  main                          
000006d1  __TI_decompress_lzss          
00000739  __TI_auto_init_nobinit_nopinit
0000077d  _c_int00_noargs               
000007b5  __TI_decompress_none          
000007c3  Reset_Handler                 
000007cf  ADC14_IRQHandler              
000007cf  AES256_IRQHandler             
000007cf  BusFault_Handler              
000007cf  COMP_E0_IRQHandler            
000007cf  COMP_E1_IRQHandler            
000007cf  CS_IRQHandler                 
000007cf  DMA_ERR_IRQHandler            
000007cf  DMA_INT0_IRQHandler           
000007cf  DMA_INT1_IRQHandler           
000007cf  DMA_INT2_IRQHandler           
000007cf  DMA_INT3_IRQHandler           
000007cf  DebugMon_Handler              
000007cf  Default_Handler               
000007cf  EUSCIA0_IRQHandler            
000007cf  EUSCIA1_IRQHandler            
000007cf  EUSCIA2_IRQHandler            
000007cf  EUSCIA3_IRQHandler            
000007cf  EUSCIB0_IRQHandler            
000007cf  EUSCIB1_IRQHandler            
000007cf  EUSCIB2_IRQHandler            
000007cf  EUSCIB3_IRQHandler            
000007cf  FLCTL_IRQHandler              
000007cf  FPU_IRQHandler                
000007cf  HardFault_Handler             
000007cf  MemManage_Handler             
000007cf  NMI_Handler                   
000007cf  PCM_IRQHandler                
000007cf  PORT1_IRQHandler              
000007cf  PORT2_IRQHandler              
000007cf  PORT3_IRQHandler              
000007cf  PORT4_IRQHandler              
000007cf  PORT5_IRQHandler              
000007cf  PORT6_IRQHandler              
000007cf  PSS_IRQHandler                
000007cf  PendSV_Handler                
000007cf  RTC_C_IRQHandler              
000007cf  SVC_Handler                   
000007cf  SysTick_Handler               
000007cf  T32_INT1_IRQHandler           
000007cf  T32_INT2_IRQHandler           
000007cf  T32_INTC_IRQHandler           
000007cf  TA0_N_IRQHandler              
000007cf  TA1_0_IRQHandler              
000007cf  TA1_N_IRQHandler              
000007cf  TA2_0_IRQHandler              
000007cf  TA2_N_IRQHandler              
000007cf  TA3_0_IRQHandler              
000007cf  TA3_N_IRQHandler              
000007cf  UsageFault_Handler            
000007cf  WDT_A_IRQHandler              
000007d1  _system_pre_init              
000007d5  C$$EXIT                       
000007d5  abort                         
000007e4  __TI_Handler_Table_Base       
000007ec  __TI_CINIT_Base               
000007ec  __TI_Handler_Table_Limit      
000007f4  __TI_CINIT_Limit              
20000000  a_count                       
20000002  b_count                       
20000004  c_count                       
20000008  SystemCoreClock               
2000fe00  __stack                       
20010000  __STACK_END                   
4000480c  WDTCTL_SYM                    
ffffffff  __TI_pprof_out_hndl           
ffffffff  __TI_prof_data_size           
ffffffff  __TI_prof_data_start          
ffffffff  __binit__                     
ffffffff  __c_args__                    
ffffffff  binit                         
UNDEFED   __mpu_init                    
UNDEFED   _system_post_cinit            

[92 symbols]
